<?xml version="1.0" encoding="utf-8"?>
<feed xmlns="http://www.w3.org/2005/Atom">
  <title>Example Feed</title>
  <link href="http://example.org/" />
  <updated>2003-12-13T18:30:02Z</updated>
  <author>
    <name>John Doe</name>
    <id>urn:uuid:60a76c80-d399-11d9-b93C-0003939e0af6</id>
    <title>Atom-Powered Robots Run Amok</title>
    <link href="http://example.org/2003/12/13/atom03" />
    <id>urn:uuid:1225c695-cfb8-4ebb-aaaa-80da344efa6a</id>
    <updated>2003-12-13T18:30:02Z</updated>
    <summary>Some text.</summary>
    <content type="xhtml">
      <div xmlns="http://www.w3.org/1999/xhtml">
        <label for="some_field">Some label</label>
        <input type="text" value="" />
      </div>
    </content>
  </author>
</feed>
