<doc>
  <item some_attr="attribute&amp;value&gt;to&lt;escape">Text&amp;to&lt;escape</item>
</doc>
