<parent xmlns:my="http://example.org/ns/">
  <my:child my:attr="foo" />
</parent>
