<?xml version="1.0" encoding="utf-8"?>
<person>
  <name>Bob</name>
  <city>Qusqu</city>
</person>
