<?xml version="1.0" encoding="utf-8"?>
<test>
  <description>An animated fantasy film from 1978 based on the first half of J.R.R Tolkienâ€™s Lord of the Rings novel. The film was mainly filmed using rotoscoping, meaning it was filmed in live action sequences with real actors and then each frame was individually animated.</description>
</test>
